// Vitest Snapshot v1, https://vitest.dev/guide/snapshot.html

exports[`ProtocolCard > correspond au snapshot 1`] = `
"<div class="card bg-white shadow-lg hover:shadow-2xl transition-all duration-300 border border-base-200 hover:border-bordeaux-200 group">
  <div class="card-body p-6">
    <!-- Header avec icône et catégorie -->
    <div class="flex items-start justify-between mb-4">
      <div class="flex items-center space-x-3">
        <div class="w-12 h-12 bg-gradient-to-br from-bordeaux-100 to-framboise-100 rounded-lg flex items-center justify-center text-2xl group-hover:scale-110 transition-transform duration-300">🧫</div>
        <div class="flex-1">
          <div class="badge badge-warning badge-sm text-xs font-medium">Stérilisation</div>
        </div>
      </div><button class="btn btn-ghost btn-xs" title="Modifier" style="font-size: 1rem;"> ✏️ </button>
    </div><!-- Titre -->
    <h3 class="card-title text-lg font-bold text-neutral leading-tight mb-3 group-hover:text-bordeaux-700 transition-colors duration-300">Protocole 1 : Nettoyage matériel</h3><!-- Description -->
    <p class="line-clamp-2 text-neutral/70 text-sm leading-relaxed mb-4 flex-grow">Test</p><!-- Footer avec auteur et date -->
    <div class="flex items-center justify-between pt-4 border-t border-base-200">
      <div class="flex items-center space-x-2">
        <div class="avatar placeholder">
          <div class="bg-gradient-to-br from-bordeaux-500 to-framboise-500 text-white rounded-full w-8 h-8"><span class="text-xs font-medium">MR</span></div>
        </div>
        <div>
          <p class="text-sm font-medium text-neutral">Maëva Rodrigues</p>
        </div>
      </div>
      <div class="text-right">
        <p class="text-xs text-neutral/50">Date manquante</p>
      </div>
    </div><!-- Action des boutons -->
    <div class="card-actions justify-end mt-4 pt-2"><button class="btn btn-sm btn-primary text-white shadow-lg hover:shadow-xl transition-shadow duration-300"><svg class="w-4 h-4 mr-1" fill="none" stroke="currentColor" viewBox="0 0 24 24">
          <path stroke-linecap="round" stroke-linejoin="round" stroke-width="2" d="M15 12a3 3 0 11-6 0 3 3 0 016 0z"></path>
          <path stroke-linecap="round" stroke-linejoin="round" stroke-width="2" d="M2.458 12C3.732 7.943 7.523 5 12 5c4.478 0 8.268 2.943 9.542 7-1.274 4.057-5.064 7-9.542 7-4.477 0-8.268-2.943-9.542-7z"></path>
        </svg> Consulter </button><button class="btn btn-sm btn-ghost text-error" title="Supprimer"> 🗑️ </button></div>
  </div>
</div>"
`;
